2025-03-10 21:39:23,746 - INFO - Starting pipeline content based filtering...
2025-03-10 21:39:24,097 - DEBUG - Applying content-based filtering...
2025-03-10 21:39:24,101 - INFO - Content-based filtering applied successfully.
2025-03-10 21:39:24,102 - INFO - Fitting the transformer...
2025-03-10 21:39:27,591 - INFO - Transformer saved successfully.
2025-03-10 21:39:27,591 - INFO - Loading transformer...
2025-03-10 21:39:27,629 - INFO - Transforming data...
2025-03-10 21:39:30,026 - INFO - Data transformation completed.
2025-03-10 21:39:30,027 - INFO - Saving transformed data to data/transformed_data.npz...
2025-03-10 21:39:30,588 - INFO - Transformed data saved successfully.
2025-03-10 21:39:30,589 - ERROR - Error in main: recommend() missing 1 required positional argument: 'transformed_data'
Traceback (most recent call last):
  File "d:\bits\Sem3\mloops\Recomendation_sys\spotify-hybrid\content_based_filtering.py", line 145, in main
    top_ten_songs = recommend("Whenever, Wherever", cleaned_data, transformed_data, k=10)
TypeError: recommend() missing 1 required positional argument: 'transformed_data'
2025-03-10 21:41:01,144 - INFO - Starting pipeline content based filtering...
2025-03-10 21:41:01,434 - DEBUG - Applying content-based filtering...
2025-03-10 21:41:01,438 - INFO - Content-based filtering applied successfully.
2025-03-10 21:41:01,438 - INFO - Fitting the transformer...
2025-03-10 21:41:04,626 - INFO - Transformer saved successfully.
2025-03-10 21:41:04,627 - INFO - Loading transformer...
2025-03-10 21:41:04,661 - INFO - Transforming data...
2025-03-10 21:41:07,188 - INFO - Data transformation completed.
2025-03-10 21:41:07,190 - INFO - Saving transformed data to data/transformed_data.npz...
2025-03-10 21:41:07,794 - INFO - Transformed data saved successfully.
2025-03-10 21:41:07,962 - WARNING - Song 'love story' not found.
2025-03-10 21:41:07,963 - WARNING - No recommendations generated.
2025-03-10 21:43:30,456 - INFO - Starting pipeline content based filtering...
2025-03-10 21:43:30,737 - DEBUG - Applying content-based filtering...
2025-03-10 21:43:30,742 - INFO - Content-based filtering applied successfully.
2025-03-10 21:43:30,743 - INFO - Fitting the transformer...
2025-03-10 21:43:33,956 - INFO - Transformer saved successfully.
2025-03-10 21:43:33,957 - INFO - Loading transformer...
2025-03-10 21:43:33,993 - INFO - Transforming data...
2025-03-10 21:43:36,578 - INFO - Data transformation completed.
2025-03-10 21:43:36,579 - INFO - Saving transformed data to data/transformed_data.npz...
2025-03-10 21:43:37,058 - INFO - Transformed data saved successfully.
2025-03-10 21:43:37,083 - WARNING - Song 'love story' not found.
2025-03-10 21:43:37,084 - WARNING - No recommendations generated.
2025-03-10 21:45:05,831 - INFO - Starting pipeline content based filtering...
2025-03-10 21:45:06,108 - DEBUG - Applying content-based filtering...
2025-03-10 21:45:06,113 - INFO - Content-based filtering applied successfully.
2025-03-10 21:45:06,114 - INFO - Fitting the transformer...
2025-03-10 21:45:09,463 - INFO - Transformer saved successfully.
2025-03-10 21:45:09,464 - INFO - Loading transformer...
2025-03-10 21:45:09,502 - INFO - Transforming data...
2025-03-10 21:45:12,035 - INFO - Data transformation completed.
2025-03-10 21:45:12,036 - INFO - Saving transformed data to data/transformed_data.npz...
2025-03-10 21:45:12,570 - INFO - Transformed data saved successfully.
2025-03-10 21:45:12,844 - INFO - Top 10 recommendations generated successfully.
2025-03-10 21:46:35,615 - INFO - Starting pipeline content based filtering...
2025-03-10 21:46:35,965 - DEBUG - Applying content-based filtering...
2025-03-10 21:46:35,970 - INFO - Content-based filtering applied successfully.
2025-03-10 21:46:35,970 - INFO - Loading transformer...
2025-03-10 21:46:35,980 - INFO - Transforming data...
2025-03-10 21:46:39,310 - INFO - Data transformation completed.
2025-03-10 21:46:39,310 - INFO - Saving transformed data to data/transformed_data.npz...
2025-03-10 21:46:39,786 - INFO - Transformed data saved successfully.
2025-03-10 21:46:39,843 - INFO - Top 10 recommendations generated successfully.
2025-03-12 10:44:06,499 - DEBUG - matplotlib data path: C:\Python\Lib\site-packages\matplotlib\mpl-data
2025-03-12 10:44:06,526 - DEBUG - CONFIGDIR=C:\Users\amrpu\.matplotlib
2025-03-12 10:44:06,529 - DEBUG - interactive is False
2025-03-12 10:44:06,530 - DEBUG - platform is win32
2025-03-12 10:44:06,680 - DEBUG - CACHEDIR=C:\Users\amrpu\.matplotlib
2025-03-12 10:44:06,709 - DEBUG - Using fontManager instance from C:\Users\amrpu\.matplotlib\fontlist-v390.json
2025-03-12 10:47:33,577 - INFO - Top 10 recommendations generated successfully.
2025-03-12 11:08:50,504 - INFO - Top 10 recommendations generated successfully.
2025-03-12 11:13:27,417 - INFO - Top 10 recommendations generated successfully.
2025-03-14 16:33:30,040 - DEBUG - matplotlib data path: C:\Python\Lib\site-packages\matplotlib\mpl-data
2025-03-14 16:33:30,104 - DEBUG - CONFIGDIR=C:\Users\amrpu\.matplotlib
2025-03-14 16:33:30,109 - DEBUG - interactive is False
2025-03-14 16:33:30,111 - DEBUG - platform is win32
2025-03-14 16:33:30,426 - DEBUG - CACHEDIR=C:\Users\amrpu\.matplotlib
2025-03-14 16:33:30,477 - DEBUG - Using fontManager instance from C:\Users\amrpu\.matplotlib\fontlist-v390.json
2025-03-14 18:04:07,937 - INFO - Starting pipeline content based filtering...
2025-03-14 18:04:08,213 - DEBUG - Applying content-based filtering...
2025-03-14 18:04:08,253 - INFO - Content-based filtering applied successfully.
2025-03-14 18:04:08,254 - INFO - Fitting the transformer...
2025-03-14 18:04:11,415 - INFO - Transformer saved successfully.
2025-03-14 18:04:11,416 - INFO - Loading transformer...
2025-03-14 18:04:11,543 - INFO - Transforming data...
2025-03-14 18:04:14,141 - INFO - Data transformation completed.
2025-03-14 18:04:14,142 - INFO - Saving transformed data to data/transformed_data.npz...
2025-03-14 18:04:15,315 - INFO - Transformed data saved successfully.
2025-03-14 18:05:05,647 - INFO - Starting pipeline content based filtering...
2025-03-14 18:05:06,011 - DEBUG - Applying content-based filtering...
2025-03-14 18:05:06,016 - INFO - Content-based filtering applied successfully.
2025-03-14 18:05:06,017 - INFO - Fitting the transformer...
2025-03-14 18:05:09,153 - INFO - Transformer saved successfully.
2025-03-14 18:05:09,154 - INFO - Loading transformer...
2025-03-14 18:05:09,182 - INFO - Transforming data...
2025-03-14 18:05:12,725 - INFO - Data transformation completed.
2025-03-14 18:05:12,725 - INFO - Saving transformed data to data/transformed_data.npz...
2025-03-14 18:05:13,913 - INFO - Transformed data saved successfully.
2025-03-15 18:44:32,861 - INFO - Starting pipeline content based filtering...
2025-03-15 18:44:33,262 - DEBUG - Applying content-based filtering...
2025-03-15 18:44:33,282 - INFO - Content-based filtering applied successfully.
2025-03-15 18:44:33,283 - INFO - Fitting the transformer...
2025-03-15 18:44:36,796 - INFO - Transformer saved successfully.
2025-03-15 18:44:36,797 - INFO - Loading transformer...
2025-03-15 18:44:36,942 - INFO - Transforming data...
2025-03-15 18:44:41,477 - INFO - Data transformation completed.
2025-03-15 18:44:41,479 - INFO - Saving transformed data to data/transformed_data.npz...
2025-03-15 18:44:42,147 - INFO - Transformed data saved successfully.
2025-03-15 18:45:32,412 - INFO - Starting pipeline content based filtering...
2025-03-15 18:45:32,787 - DEBUG - Applying content-based filtering...
2025-03-15 18:45:32,793 - INFO - Content-based filtering applied successfully.
2025-03-15 18:45:32,793 - INFO - Fitting the transformer...
2025-03-15 18:45:36,134 - INFO - Transformer saved successfully.
2025-03-15 18:45:36,135 - INFO - Loading transformer...
2025-03-15 18:45:36,178 - INFO - Transforming data...
2025-03-15 18:45:39,548 - INFO - Data transformation completed.
2025-03-15 18:45:39,549 - INFO - Saving transformed data to data/transformed_data.npz...
2025-03-15 18:45:40,623 - INFO - Transformed data saved successfully.
